// Jest Snapshot v1, https://goo.gl/fbAQLP

exports[`DateInput matches snapshot 1`] = `
<div>
  <div
    class="nhsuk-form-group"
  >
    <div
      class="nhsuk-date-input"
      id="testInput"
    >
      <div
        class="nhsuk-date-input__item"
      >
        <div
          class="nhsuk-form-group"
        >
          <label
            class="nhsuk-label nhsuk-date-input__label"
            for="testInput-day"
            id="testInput-day--label"
          >
            Day
          </label>
          <input
            class="nhsuk-input nhsuk-date-input__input nhsuk-input--width-2"
            id="testInput-day"
            inputmode="numeric"
            name="testInput-day"
            pattern="[0-9]*"
            type="text"
            value=""
          />
        </div>
      </div>
      <div
        class="nhsuk-date-input__item"
      >
        <div
          class="nhsuk-form-group"
        >
          <label
            class="nhsuk-label nhsuk-date-input__label"
            for="testInput-month"
            id="testInput-month--label"
          >
            Month
          </label>
          <input
            class="nhsuk-input nhsuk-date-input__input nhsuk-input--width-2"
            id="testInput-month"
            inputmode="numeric"
            name="testInput-month"
            pattern="[0-9]*"
            type="text"
            value=""
          />
        </div>
      </div>
      <div
        class="nhsuk-date-input__item"
      >
        <div
          class="nhsuk-form-group"
        >
          <label
            class="nhsuk-label nhsuk-date-input__label"
            for="testInput-year"
            id="testInput-year--label"
          >
            Year
          </label>
          <input
            class="nhsuk-input nhsuk-date-input__input nhsuk-input--width-4"
            id="testInput-year"
            inputmode="numeric"
            name="testInput-year"
            pattern="[0-9]*"
            type="text"
            value=""
          />
        </div>
      </div>
    </div>
  </div>
</div>
`;
