// Jest Snapshot v1, https://goo.gl/fbAQLP

exports[`Character Count Matches snapshot 1`] = `
<div>
  <div
    class="nhsuk-character-count"
    data-maxlength="200"
    data-module="nhsuk-character-count"
  >
    <div
      class="nhsuk-form-group"
    >
      <label
        class="nhsuk-label"
        for="more-detail"
      >
        Can you provide more detail?
      </label>
      <div
        class="nhsuk-hint"
        id="more-detail-hint"
      >
        Do not include personal information like your name, date of birth or NHS number.
      </div>
      <div
        class="nhsuk-form-group"
      >
        <textarea
          aria-describedby="more-detail-hint"
          class="nhsuk-textarea nhsuk-js-character-count"
          id="more-detail"
          name="more-detail"
          rows="5"
        />
        <div
          class="nhsuk-hint nhsuk-character-count__message nhsuk-u-visually-hidden"
          id="more-detail-info"
        >
          You can enter up to 
          200
           characters
        </div>
        <div
          aria-hidden="true"
          class="nhsuk-hint nhsuk-character-count__message nhsuk-character-count__status"
        >
          You have 200 characters remaining
        </div>
        <div
          aria-live="polite"
          class="nhsuk-character-count__sr-status nhsuk-u-visually-hidden"
        >
          You have 200 characters remaining
        </div>
      </div>
    </div>
  </div>
</div>
`;
