// Jest Snapshot v1, https://goo.gl/fbAQLP

exports[`LabelBlock does not render an errormessage element when error is provided but is boolean 1`] = `
<LabelBlock
  error={true}
/>
`;

exports[`LabelBlock renders a hint element when hint is provided and passes props 1`] = `
<LabelBlock
  elementId="test-element"
  hint="Test Hint"
  hintProps={
    Object {
      "aria-label": "Test Aria Label for Hint",
    }
  }
>
  <Hint
    aria-label="Test Aria Label for Hint"
  >
    <div
      aria-label="Test Aria Label for Hint"
      className="nhsuk-hint"
    >
      Test Hint
    </div>
  </Hint>
</LabelBlock>
`;

exports[`LabelBlock renders a label element when label is provided and passes props 1`] = `
<LabelBlock
  elementId="test-element"
  label="Test Label"
  labelProps={
    Object {
      "aria-label": "Test Aria Label",
    }
  }
>
  <Label
    aria-label="Test Aria Label"
  >
    <BaseLabel
      aria-label="Test Aria Label"
    >
      <label
        aria-label="Test Aria Label"
        className="nhsuk-label"
      >
        Test Label
      </label>
    </BaseLabel>
  </Label>
</LabelBlock>
`;

exports[`LabelBlock renders an errormessage element when error is provided and passes props 1`] = `
<LabelBlock
  elementId="test-element"
  error="Test Error"
  errorProps={
    Object {
      "aria-label": "Test Aria Label for Error",
    }
  }
>
  <ErrorMessage
    aria-label="Test Aria Label for Error"
    role="alert"
    visuallyHiddenText="Error: "
  >
    <span
      aria-label="Test Aria Label for Error"
      className="nhsuk-error-message"
      role="alert"
    >
      <span
        className="nhsuk-u-visually-hidden"
      >
        Error: 
      </span>
      Test Error
    </span>
  </ErrorMessage>
</LabelBlock>
`;
