// Jest Snapshot v1, https://goo.gl/fbAQLP

exports[`Checkboxes renders without errors 1`] = `
<Checkboxes
  id="test-id"
>
  <FormGroup
    _exposeContext={false}
    error={false}
  >
    <div
      className="nhsuk-form-group"
    >
      <div
        className="nhsuk-checkboxes"
        id="test-id"
      >
        <Box
          type="checkbox"
          value="british"
        >
          <div
            className="nhsuk-checkboxes__item"
          >
            <input
              className="nhsuk-checkboxes__input"
              id="test-id-1"
              name="test-id"
              onChange={[Function]}
              type="checkbox"
              value="british"
            />
            <Label
              className="nhsuk-checkboxes__label"
              htmlFor="test-id-1"
              id="test-id-1--label"
            >
              <BaseLabel
                className="nhsuk-checkboxes__label"
                htmlFor="test-id-1"
                id="test-id-1--label"
              >
                <label
                  className="nhsuk-label nhsuk-checkboxes__label"
                  htmlFor="test-id-1"
                  id="test-id-1--label"
                >
                  British
                </label>
              </BaseLabel>
            </Label>
          </div>
        </Box>
        <Box
          type="checkbox"
          value="irish"
        >
          <div
            className="nhsuk-checkboxes__item"
          >
            <input
              className="nhsuk-checkboxes__input"
              id="test-id-2"
              name="test-id"
              onChange={[Function]}
              type="checkbox"
              value="irish"
            />
            <Label
              className="nhsuk-checkboxes__label"
              htmlFor="test-id-2"
              id="test-id-2--label"
            >
              <BaseLabel
                className="nhsuk-checkboxes__label"
                htmlFor="test-id-2"
                id="test-id-2--label"
              >
                <label
                  className="nhsuk-label nhsuk-checkboxes__label"
                  htmlFor="test-id-2"
                  id="test-id-2--label"
                >
                  Irish
                </label>
              </BaseLabel>
            </Label>
          </div>
        </Box>
        <Box
          type="checkbox"
          value="other"
        >
          <div
            className="nhsuk-checkboxes__item"
          >
            <input
              className="nhsuk-checkboxes__input"
              id="test-id-3"
              name="test-id"
              onChange={[Function]}
              type="checkbox"
              value="other"
            />
            <Label
              className="nhsuk-checkboxes__label"
              htmlFor="test-id-3"
              id="test-id-3--label"
            >
              <BaseLabel
                className="nhsuk-checkboxes__label"
                htmlFor="test-id-3"
                id="test-id-3--label"
              >
                <label
                  className="nhsuk-label nhsuk-checkboxes__label"
                  htmlFor="test-id-3"
                  id="test-id-3--label"
                >
                  Citizen of another country
                </label>
              </BaseLabel>
            </Label>
          </div>
        </Box>
      </div>
    </div>
  </FormGroup>
</Checkboxes>
`;
