// Jest Snapshot v1, https://goo.gl/fbAQLP

exports[`ListPanel ListPanel.BackToTop matches snapshot: ListPanel.BackToTop 1`] = `
<ListPanel.BackToTop>
  <div
    className="nhsuk-back-to-top"
  >
    <a
      className="nhsuk-back-to-top__link"
    >
      Back to top
    </a>
  </div>
</ListPanel.BackToTop>
`;

exports[`ListPanel ListPanel.Heading matches snapshot: ListPanel.Heading 1`] = `
<ListPanel.Heading
  href="/somewhere"
>
  <CardHeading
    className="nhsuk-u-font-size-24"
    headingLevel="h2"
    href="/somewhere"
  >
    <HeadingLevel
      className="nhsuk-card__heading nhsuk-u-font-size-24"
      headingLevel="h2"
      href="/somewhere"
    >
      <h2
        className="nhsuk-card__heading nhsuk-u-font-size-24"
        href="/somewhere"
      />
    </HeadingLevel>
  </CardHeading>
</ListPanel.Heading>
`;

exports[`ListPanel ListPanel.List matches snapshot: ListPanel.List 1`] = `
<ListPanel.List>
  <ul
    className="nhsuk-list nhsuk-list--border"
  />
</ListPanel.List>
`;

exports[`ListPanel matches snapshot: ListPanel 1`] = `
<ListPanel>
  <Card
    feature={true}
  >
    <div
      className="nhsuk-card nhsuk-card--feature"
    >
      <CardContent>
        <div
          className="nhsuk-card__content nhsuk-card__content--feature"
        />
      </CardContent>
    </div>
  </Card>
</ListPanel>
`;
