// Jest Snapshot v1, https://jestjs.io/docs/snapshot-testing

exports[`NavAZ matches snapshot: NavAZ 1`] = `
<div>
  <nav
    aria-label="A to Z Navigation"
    class="nhsuk-u-margin-bottom-4 nhsuk-u-margin-top-4"
    role="navigation"
  >
    <ol
      class="nhsuk-list nhsuk-u-clear nhsuk-u-margin-0"
    />
  </nav>
</div>
`;
