// Jest Snapshot v1, https://goo.gl/fbAQLP

exports[`Table matches snapshot (via server): client 1`] = `
<div>
  <table
    class="nhsuk-table"
  />
</div>
`;

exports[`Table matches snapshot (via server): server 1`] = `
<div>
  <table
    class="nhsuk-table"
  />
</div>
`;

exports[`Table matches snapshot 1`] = `
<div>
  <table
    class="nhsuk-table"
  />
</div>
`;
