// Jest Snapshot v1, https://goo.gl/fbAQLP

exports[`Table.Cell matches snapshot 1`] = `
<div>
  <table
    class="nhsuk-table"
  >
    <tbody
      class="nhsuk-table__body"
    >
      <tr
        class="nhsuk-table__row"
      >
        <td
          class="nhsuk-table__cell"
        >
          Cell
        </td>
      </tr>
    </tbody>
  </table>
</div>
`;
