// Jest Snapshot v1, https://goo.gl/fbAQLP

exports[`TextLink matches snapshot: TextLink 1`] = `
<div
  className="nhsuk-action-link"
>
  <a
    className="XXXnhsuk-action-link__link text-link"
    href="/test"
  >
    <span
      className="XXXnhsuk-action-link__text"
    >
      Test
    </span>
  </a>
</div>
`;
