// Jest Snapshot v1, https://goo.gl/fbAQLP

exports[`ContentsList ContentsList.Item matches snapshot: ContentsList.Item 1`] = `
<div>
  <li
    class="nhsuk-contents-list__item"
  >
    <a
      class="nhsuk-contents-list__link"
    >
      Content
    </a>
  </li>
</div>
`;

exports[`ContentsList matches snapshot: ContentsList 1`] = `
<div>
  <nav
    class="nhsuk-contents-list"
    role="navigation"
  >
    <h2
      class="nhsuk-u-visually-hidden"
    >
      Contents
    </h2>
    <ol
      class="nhsuk-contents-list__list"
    />
  </nav>
</div>
`;
